// Jest Snapshot v1, https://goo.gl/fbAQLP

exports[`Rockets screen renders as expected 1`] = `
<ul
  className="container-fluid rockets"
/>
`;
